<!DOCTYPE html>
<html>
  <head>
    <link href="main.css" rel="stylesheet" type="text/css">
    <!--[if IE 7]><link href="ie7.css" rel="stylesheet" type="text/css"><![endif]-->
    <!--[if IE 6]><link href="ie6.css" rel="stylesheet" type="text/css"><![endif]-->
    <!--[if IE 5]><link href="ie5.css" rel="stylesheet" type="text/css"><![endif]-->
  </head>
  <body>
    <table>
      <tr>
        <th>Name</th>
        <th>Description</th>
      </tr>
      <tr>
        <td>A</td>
        <td>
          Description of A
        </td>
      </tr>
      <tr>
        <td>B</td>
        <td>Description of B</td>
      </tr>
    </table>

    <div>
      <p>
        <span>Some</span> inline text
      </p>

      <div class="divs">
        A
      </div><div class="with">
        B
      </div><div class="collapsed">
        C
      </div><div class="whitespace">
        D
      </div>

      <div class="not"></div> <div class="wrapped"></div>

      <img src="img.png" alt=""><input type="text" required> <label>to the left</label>
    </div>
  </body>
</html>
